// Jest Snapshot v1, https://goo.gl/fbAQLP

exports[`<HotelCard /> should render and match the snapshot 1`] = `
<body>
  <div>
    <div
      class="MuiFormControl-root makeStyles-formControl-3"
    >
      <label
        class="MuiFormLabel-root MuiInputLabel-root MuiInputLabel-formControl MuiInputLabel-animated MuiInputLabel-shrink MuiFormLabel-filled"
        data-shrink="true"
        id="sort-select-label"
      >
        Sort by
      </label>
      <div
        class="MuiInputBase-root MuiInput-root MuiInput-underline MuiInputBase-formControl MuiInput-formControl"
      >
        <div
          aria-haspopup="listbox"
          aria-labelledby="sort-select-label sort-select"
          class="MuiSelect-root MuiSelect-select MuiSelect-selectMenu MuiInputBase-input MuiInput-input"
          id="sort-select"
          role="button"
          tabindex="0"
        >
          Price (low-high)
        </div>
        <input
          aria-hidden="true"
          class="MuiSelect-nativeInput"
          tabindex="-1"
          value="0"
        />
        <svg
          aria-hidden="true"
          class="MuiSvgIcon-root MuiSelect-icon"
          focusable="false"
          viewBox="0 0 24 24"
        >
          <path
            d="M7 10l5 5 5-5z"
          />
        </svg>
      </div>
    </div>
  </div>
</body>
`;
